<html>
<body>
<pre>
<h1>礦ision Build Log</h1>
<h2>Tool Versions:</h2>
IDE-Version: μVision V5.29.0.0
Copyright (C) 2019 ARM Ltd and ARM Germany GmbH. All rights reserved.
License Information: A liuweiliang2006@163.com, A, LIC=9WSKC-7J0ZW-2ZQW4-FHBPI-HBEK3-RXEMY
 
Tool Versions:
Toolchain:       MDK-ARM Plus  Version: 5.29.0.0
Toolchain Path:  C:\Keil_v5\ARM\ARMCC\Bin
C Compiler:      Armcc.exe V5.06 update 6 (build 750)
Assembler:       Armasm.exe V5.06 update 6 (build 750)
Linker/Locator:  ArmLink.exe V5.06 update 6 (build 750)
Library Manager: ArmAr.exe V5.06 update 6 (build 750)
Hex Converter:   FromElf.exe V5.06 update 6 (build 750)
CPU DLL:         SARMCM3.DLL V5.29.0.0
Dialog DLL:      DARMCM1.DLL V1.19.2.0
Target DLL:      Segger\JL2CM3.dll V2.99.36.0
Dialog DLL:      TARMCM1.DLL V1.14.1.0
 
<h2>Project:</h2>
D:\M26_test_prj\Firmware_P4.5_20190305\GasMeter4\MDK-ARM\GasMeter4.uvprojx
Project File Date:  08/03/2020

<h2>Output:</h2>
*** Using Compiler 'V5.06 update 6 (build 750)', folder: 'C:\Keil_v5\ARM\ARMCC\Bin'
Build target 'GasMeter4_APP1'
compiling freertos.c...
../Inc/StringUtils.h(35): warning:  #1295-D: Deprecated declaration GetSoftWareTime - give arg types
  char * GetSoftWareTime();
../Inc/CookingSessionReport.h(42): warning:  #1295-D: Deprecated declaration SendCookingSessionPacket - give arg types
  bool SendCookingSessionPacket();
../Src/freertos.c(295): warning:  #1295-D: Deprecated declaration IntoLowPower - give arg types
  void IntoLowPower();
../Src/freertos.c(728): warning:  #550-D: variable "Card_cap"  was set but never used
      uint8_t Card_cap;//卡片容量
../Src/freertos.c(3790): warning:  #940-D: missing return statement at end of non-void function "Post_Data_Cmd" 
  }
../Src/freertos.c(3821): warning:  #223-D: function "itoa" declared implicitly
  	itoa(length,ptUrlCharLength,10); 
../Src/freertos.c(3838): warning:  #223-D: function "itoa" declared implicitly
  	itoa(urllength,ptUrlCharLength,10); 
../Src/freertos.c(3891): warning:  #177-D: variable "u8Lenth"  was declared but never referenced
  	uint8_t u8Lenth = 0;
../Src/freertos.c(3941): warning:  #177-D: variable "result"  was declared but never referenced
  	uint8_t result = 0 , i = 0; //于用标识，是否响应了当前的指令
../Src/freertos.c(3941): warning:  #177-D: variable "i"  was declared but never referenced
  	uint8_t result = 0 , i = 0; //于用标识，是否响应了当前的指令
../Src/freertos.c(4384): warning:  #111-D: statement is unreachable
      Sim80x.UsartRxIndex=0;
../Src/freertos.c(4349): warning:  #177-D: variable "strStart"  was declared but never referenced
  	char      *strStart,*str1,*str2;
../Src/freertos.c(4349): warning:  #177-D: variable "str1"  was declared but never referenced
  	char      *strStart,*str1,*str2;
../Src/freertos.c(4349): warning:  #177-D: variable "str2"  was declared but never referenced
  	char      *strStart,*str1,*str2;
../Src/freertos.c(4350): warning:  #177-D: variable "tmp_int32_t"  was declared but never referenced
  	int32_t   tmp_int32_t;
../Src/freertos.c(3815): warning:  #177-D: function "UrlLength"  was declared but never referenced
  static void UrlLength(uint16_t length)
../Src/freertos.c: 16 warnings, 0 errors
linking...
Program Size: Code=44156 RO-data=2932 RW-data=596 ZI-data=25324  
FromELF: creating hex file...
After Build - User command #2: fromelf --bin -o "GasMeter4\GasMeter4.bin" "GasMeter4\GasMeter4.axf"
"GasMeter4\GasMeter4.axf" - 0 Error(s), 16 Warning(s).

<h2>Software Packages used:</h2>

Package Vendor: ARM
                http://www.keil.com/pack/ARM.CMSIS.5.7.0.pack
                ARM.CMSIS.5.7.0
                CMSIS (Cortex Microcontroller Software Interface Standard)
   * Component: CORE Version: 5.4.0

Package Vendor: Keil
                http://www.keil.com/pack/Keil.STM32F0xx_DFP.2.0.0.pack
                Keil.STM32F0xx_DFP.2.0.0
                STMicroelectronics STM32F0 Series Device Support, Drivers and Examples

<h2>Collection of Component include folders:</h2>
  .\RTE\_GasMeter4_APP1
  C:\Users\liuwe\AppData\Local\Arm\Packs\ARM\CMSIS\5.7.0\CMSIS\Core\Include
  C:\Users\liuwe\AppData\Local\Arm\Packs\Keil\STM32F0xx_DFP\2.0.0\Drivers\CMSIS\Device\ST\STM32F0xx\Include

<h2>Collection of Component Files used:</h2>

   * Component: ARM::CMSIS:CORE:5.4.0
Build Time Elapsed:  00:00:02
</pre>
</body>
</html>
